/api/secrets                                         GET    unauth=401    token=owner            activity=-
/api/secrets/health                                  GET    unauth=401    token=owner            activity=-
/api/secrets/{id}                                    DELETE unauth=401    token=owner            activity=settings.remove
/api/secrets/{id}                                    PUT    unauth=401    token=owner            activity=settings.save
/api/secrets/{id}/move                               POST   unauth=401    token=owner            activity=settings.save
