/api/supply-chain-loop                               GET    unauth=401    token=read             activity=-
/api/supply-chain-loop                               PUT    unauth=401    token=owner            activity=loop.update
/api/supply-chain-loop/run                           POST   unauth=401    token=owner            activity=loop.run_now
