/api/activity                                        GET    unauth=401    token=owner            activity=-
/api/archive                                         GET    unauth=401    token=owner            activity=-
/api/archive/retention                               POST   unauth=401    token=owner            activity=-
/api/burn-down                                       GET    unauth=401    token=owner            activity=-
/api/burn-down/stop                                  POST   unauth=401    token=owner            activity=burn_down.stop
/api/chat                                            GET    unauth=401    token=owner            activity=-
/api/chat                                            POST   unauth=401    token=owner            activity=-
/api/chat/attachments                                POST   unauth=401    token=owner            activity=-
/api/chat/attachments/{sha}                          GET    unauth=401    token=owner            activity=-
/api/chat/models                                     GET    unauth=401    token=owner            activity=-
/api/chat/prefs                                      GET    unauth=401    token=owner            activity=-
/api/chat/prefs/feedback/{message}                   PUT    unauth=401    token=owner            activity=-
/api/chat/prefs/personas/{id}                        PUT    unauth=401    token=owner            activity=-
/api/chat/{id}                                       DELETE unauth=401    token=owner            activity=-
/api/chat/{id}                                       GET    unauth=401    token=owner            activity=-
/api/chat/{id}                                       PATCH  unauth=401    token=owner            activity=-
/api/chat/{id}/compare                               POST   unauth=401    token=owner            activity=-
/api/chat/{id}/export                                GET    unauth=401    token=owner            activity=-
/api/chat/{id}/fork                                  POST   unauth=401    token=owner            activity=-
/api/chat/{id}/issue                                 POST   unauth=401    token=owner            activity=chat.issue
/api/chat/{id}/messages                              POST   unauth=401    token=owner            activity=-
/api/chat/{id}/pick                                  POST   unauth=401    token=owner            activity=-
/api/chat/{id}/title                                 POST   unauth=401    token=owner            activity=-
/api/claude-accounts                                 GET    unauth=401    token=owner            activity=-
/api/claude-accounts                                 POST   unauth=401    token=owner            activity=settings.save
/api/claude-accounts/{id}                            DELETE unauth=401    token=owner            activity=settings.remove
/api/claude-login                                    GET    unauth=401    token=owner            activity=-
/api/claude-login/cancel                             POST   unauth=401    token=owner            activity=-
/api/claude-login/code                               POST   unauth=401    token=owner            activity=-
/api/claude-login/start                              POST   unauth=401    token=owner            activity=-
/api/colonize/draft                                  POST   unauth=401    token=owner            activity=-
/api/editor/settings                                 GET    unauth=401    token=owner            activity=-
/api/editor/settings                                 PUT    unauth=401    token=owner            activity=-
/api/findings                                        GET    unauth=401    token=owner            activity=-
/api/headroom                                        GET    unauth=401    token=owner            activity=-
/api/headroom/download                               POST   unauth=401    token=owner            activity=-
/api/hosts                                           GET    unauth=401    token=owner            activity=-
/api/hunters/{id}/install                            POST   unauth=401    token=owner            activity=-
/api/hunters/{id}/probe                              GET    unauth=401    token=owner            activity=-
/api/img                                             GET    unauth=401    token=owner            activity=-
/api/login-item                                      GET    unauth=401    token=owner            activity=-
/api/login-item                                      POST   unauth=401    token=owner            activity=settings.save
/api/loops                                           GET    unauth=401    token=owner            activity=-
/api/loops                                           POST   unauth=401    token=owner            activity=loop.create
/api/loops/{id}                                      DELETE unauth=401    token=owner            activity=loop.delete
/api/loops/{id}                                      PUT    unauth=401    token=owner            activity=loop.update
/api/loops/{id}/run-now                              POST   unauth=401    token=owner            activity=loop.run_now
/api/loops/{id}/runs                                 GET    unauth=401    token=owner            activity=-
/api/maps/{owner}/{name}                             GET    unauth=401    token=map              activity=-
/api/maps/{owner}/{name}                             POST   unauth=401    token=owner            activity=map.create
/api/maps/{owner}/{name}/file                        GET    unauth=401    token=map              activity=-
/api/maps/{owner}/{name}/files                       GET    unauth=401    token=map              activity=-
/api/memory                                          GET    unauth=401    token=owner            activity=-
/api/memory/mem0                                     GET    unauth=401    token=owner            activity=-
/api/memory/mem0                                     PUT    unauth=401    token=owner            activity=settings.save
/api/memory/mem0/check                               POST   unauth=401    token=owner            activity=-
/api/memory/notes                                    POST   unauth=401    token=owner            activity=memory.note
/api/memory/notes/{id}                               DELETE unauth=401    token=owner            activity=memory.note
/api/memory/proposals                                GET    unauth=401    token=owner            activity=-
/api/memory/proposals/{id}/approve                   POST   unauth=401    token=owner            activity=memory.review
/api/memory/proposals/{id}/reject                    POST   unauth=401    token=owner            activity=memory.review
/api/models                                          GET    unauth=401    token=owner            activity=-
/api/modules                                         GET    unauth=401    token=owner            activity=-
/api/modules/{kind}                                  PUT    unauth=401    token=owner            activity=settings.save
/api/notify/secret                                   GET    unauth=401    token=owner            activity=-
/api/notify/secret                                   PUT    unauth=401    token=owner            activity=settings.save
/api/orgs                                            GET    unauth=401    token=owner            activity=-
/api/orgs/{org}                                      PUT    unauth=401    token=owner            activity=workspace.settings
/api/orgs/{org}/packages/dependencies                GET    unauth=401    token=owner            activity=-
/api/orgs/{org}/packages/published                   GET    unauth=401    token=owner            activity=-
/api/orgs/{org}/packages/supply-chain                GET    unauth=401    token=owner            activity=-
/api/plugins                                         GET    unauth=401    token=owner            activity=-
/api/plugins/graft                                   GET    unauth=401    token=owner            activity=-
/api/plugins/graft/download                          POST   unauth=401    token=owner            activity=-
/api/providers                                       GET    unauth=401    token=owner            activity=-
/api/providers/{id}                                  DELETE unauth=401    token=owner            activity=settings.remove
/api/providers/{id}                                  PUT    unauth=401    token=owner            activity=settings.save
/api/providers/{id}/health                           GET    unauth=401    token=owner            activity=-
/api/push/key                                        GET    unauth=401    token=owner            activity=-
/api/push/subscriptions                              GET    unauth=401    token=owner            activity=-
/api/push/subscriptions                              POST   unauth=401    token=owner            activity=-
/api/push/subscriptions/{id}                         DELETE unauth=401    token=owner            activity=-
/api/redteam/runs                                    GET    unauth=401    token=owner            activity=-
/api/redteam/runs                                    POST   unauth=401    token=owner            activity=redteam.start
/api/redteam/runs/{id}                               GET    unauth=401    token=owner            activity=-
/api/redteam/runs/{id}/report                        GET    unauth=401    token=owner            activity=-
/api/redteam/runs/{id}/stop                          POST   unauth=401    token=owner            activity=redteam.stop
/api/redteam/runs/{id}/synthesize                    POST   unauth=401    token=owner            activity=-
/api/redteam/schedules                               GET    unauth=401    token=owner            activity=-
/api/redteam/schedules                               POST   unauth=401    token=owner            activity=redteam.schedule
/api/redteam/schedules/{id}                          DELETE unauth=401    token=owner            activity=redteam.unschedule
/api/redteam/schedules/{id}                          PUT    unauth=401    token=owner            activity=redteam.schedule
/api/remote                                          GET    unauth=401    token=owner            activity=-
/api/remote                                          PUT    unauth=401    token=owner            activity=-
/api/remote/reset                                    POST   unauth=401    token=owner            activity=-
/api/repos                                           GET    unauth=401    token=owner            activity=-
/api/repos/{owner}/{name}/ask                        POST   unauth=401    token=owner            activity=-
/api/repos/{owner}/{name}/blame                      GET    unauth=401    token=owner            activity=-
/api/repos/{owner}/{name}/blob                       GET    unauth=401    token=owner            activity=-
/api/repos/{owner}/{name}/branches                   GET    unauth=401    token=owner            activity=-
/api/repos/{owner}/{name}/coverage                   GET    unauth=401    token=owner            activity=-
/api/repos/{owner}/{name}/dependencies               GET    unauth=401    token=owner            activity=-
/api/repos/{owner}/{name}/drafts                     DELETE unauth=401    token=owner            activity=-
/api/repos/{owner}/{name}/drafts                     GET    unauth=401    token=owner            activity=-
/api/repos/{owner}/{name}/drafts                     PUT    unauth=401    token=owner            activity=-
/api/repos/{owner}/{name}/edits                      POST   unauth=401    token=owner            activity=-
/api/repos/{owner}/{name}/git-summary                GET    unauth=401    token=owner            activity=-
/api/repos/{owner}/{name}/history                    GET    unauth=401    token=owner            activity=-
/api/repos/{owner}/{name}/issues                     GET    unauth=401    token=owner            activity=-
/api/repos/{owner}/{name}/issues                     POST   unauth=401    token=owner            activity=colonize.issue
/api/repos/{owner}/{name}/loc                        GET    unauth=401    token=owner            activity=-
/api/repos/{owner}/{name}/meta                       GET    unauth=401    token=owner            activity=-
/api/repos/{owner}/{name}/packages                   GET    unauth=401    token=owner            activity=-
/api/repos/{owner}/{name}/published                  GET    unauth=401    token=owner            activity=-
/api/repos/{owner}/{name}/supply-chain               GET    unauth=401    token=owner            activity=-
/api/repos/{owner}/{name}/tree                       GET    unauth=401    token=owner            activity=-
/api/sandbox/pull                                    GET    unauth=401    token=owner            activity=-
/api/sandbox/pull                                    POST   unauth=401    token=owner            activity=-
/api/secrets                                         GET    unauth=401    token=owner            activity=-
/api/secrets/colony                                  POST   unauth=401    token=owner            activity=settings.save
/api/secrets/health                                  GET    unauth=401    token=owner            activity=-
/api/secrets/{id}                                    DELETE unauth=401    token=owner            activity=settings.remove
/api/secrets/{id}                                    PUT    unauth=401    token=owner            activity=settings.save
/api/secrets/{id}/move                               POST   unauth=401    token=owner            activity=settings.save
/api/sessions                                        GET    unauth=401    token=read             activity=-
/api/sessions                                        POST   unauth=401    token=launch           activity=colony.launch
/api/sessions/{id}                                   DELETE unauth=401    token=owner            activity=colony.delete
/api/sessions/{id}                                   GET    unauth=401    token=session>=read    activity=-
/api/sessions/{id}/answer                            POST   unauth=401    token=session>=operate activity=-
/api/sessions/{id}/behind                            GET    unauth=401    token=owner            activity=-
/api/sessions/{id}/catch-up                          POST   unauth=401    token=owner            activity=colony.catch_up
/api/sessions/{id}/cleanup                           POST   unauth=401    token=owner            activity=colony.cleanup
/api/sessions/{id}/diff                              GET    unauth=401    token=session>=read    activity=-
/api/sessions/{id}/egress                            GET    unauth=401    token=owner            activity=-
/api/sessions/{id}/events                            GET    unauth=401    token=session>=read    activity=-
/api/sessions/{id}/findings                          GET    unauth=401    token=owner            activity=-
/api/sessions/{id}/publish                           POST   unauth=401    token=owner            activity=colony.publish
/api/sessions/{id}/question                          GET    unauth=401    token=session>=read    activity=-
/api/sessions/{id}/resume                            POST   unauth=401    token=session>=operate activity=colony.resume
/api/sessions/{id}/retain                            POST   unauth=401    token=owner            activity=colony.retain
/api/sessions/{id}/stop                              POST   unauth=401    token=session>=operate activity=colony.stop
/api/sessions/{id}/terminal                          GET    unauth=401    token=owner            activity=-
/api/settings/claude-token                           DELETE unauth=401    token=owner            activity=settings.remove
/api/settings/claude-token                           POST   unauth=401    token=owner            activity=settings.save
/api/settings/github-token                           DELETE unauth=401    token=owner            activity=settings.remove
/api/settings/github-token                           POST   unauth=401    token=owner            activity=settings.save
/api/spend/history                                   GET    unauth=401    token=owner            activity=-
/api/status                                          GET    unauth=public token=read             activity=-
/api/storage                                         GET    unauth=401    token=owner            activity=-
/api/stream                                          GET    unauth=401    token=owner            activity=-
/api/telemetry                                       GET    unauth=401    token=owner            activity=-
/api/telemetry                                       PUT    unauth=401    token=owner            activity=settings.save
/api/telemetry/usage                                 GET    unauth=401    token=owner            activity=-
/api/telemetry/usage                                 PUT    unauth=401    token=owner            activity=settings.save
/api/tokens                                          GET    unauth=401    token=owner            activity=-
/api/tokens                                          POST   unauth=401    token=owner            activity=-
/api/tokens/self                                     GET    unauth=401    token=read             activity=-
/api/tokens/{id}                                     DELETE unauth=401    token=owner            activity=-
/api/touched                                         GET    unauth=401    token=owner            activity=-
/api/update                                          GET    unauth=401    token=owner            activity=-
/api/update                                          PUT    unauth=401    token=owner            activity=settings.save
/api/update/apply                                    POST   unauth=401    token=owner            activity=app.update
/api/version                                         GET    unauth=401    token=read             activity=-
/api/voice                                           GET    unauth=401    token=owner            activity=-
/api/voice/key                                       PUT    unauth=401    token=owner            activity=settings.save
/api/voice/transcribe                                POST   unauth=401    token=owner            activity=-
